--------- beginning of main
07-28 20:13:23.777  4258  4258 I SmartisanInstall: INSTALL_MODEL_READY pending=0
07-28 20:13:23.858  4258  4337 I ShortcutCompat: SHORTCUT_USER_RESOLVED package=com.tencent.mm shortcutId=c39e4238c28559c395c29c605fc39b08c2aac29c5ec395c2a761434b userIdentifier=999 userSerial=10 isPrimaryUser=false
07-28 20:13:23.864  4258  4337 I ShortcutCompat: SHORTCUT_ICON_INPUT iconSource=shortcut package=com.tencent.mm shortcutId=c39e4238c28559c395c29c605fc39b08c2aac29c5ec395c2a761434b userId=999
07-28 20:13:23.864  4258  4337 I ShortcutCompat: SHORTCUT_ICON_NORMALIZED package=com.tencent.mm shortcutId=c39e4238c28559c395c29c605fc39b08c2aac29c5ec395c2a761434b width=230 height=230
07-28 20:13:23.865  4258  4337 I ShortcutCompat: SHORTCUT_ICON_FINAL_MODE package=com.tencent.mm shortcutId=c39e4238c28559c395c29c605fc39b08c2aac29c5ec395c2a761434b mode=source_already_decorated
07-28 20:13:23.865  4258  4337 I ShortcutCompat: SHORTCUT_ICON_FINAL_READY package=com.tencent.mm shortcutId=c39e4238c28559c395c29c605fc39b08c2aac29c5ec395c2a761434b userId=999 frameType=source_already_decorated iconSource=shortcut
07-28 20:13:23.865  4258  4337 I ShortcutCompat: PIN_RECONCILE_DATABASE_MISSING packageName=com.tencent.mm shortcutId=c39e4238c28559c395c29c605fc39b08c2aac29c5ec395c2a761434b userId=999 userSerial=10
07-28 20:13:23.865  4258  4337 I ShortcutCompat: SHORTCUT_ACTION_RESOLVED field=maa enumName=EVENT_INSTALL_OR_UPDATE_SHORTCUT ordinal=19
07-28 20:13:23.865  4258  4337 I ShortcutCompat: SHORTCUT_DATABASE_DISPATCHED actionField=maa actionName=EVENT_INSTALL_OR_UPDATE_SHORTCUT itemCount=1 package=com.tencent.mm shortcutId=c39e4238c28559c395c29c605fc39b08c2aac29c5ec395c2a761434b
07-28 20:13:23.923  4258  4337 I ShortcutCompat: SHORTCUT_USER_RESOLVED package=com.tencent.mm shortcutId=c39e426bc28a5ac395c3883109c28809c2a6c38b57c289c3b4374e4b userIdentifier=999 userSerial=10 isPrimaryUser=false
07-28 20:13:23.925  4258  4337 I ShortcutCompat: SHORTCUT_ICON_INPUT iconSource=shortcut package=com.tencent.mm shortcutId=c39e426bc28a5ac395c3883109c28809c2a6c38b57c289c3b4374e4b userId=999
07-28 20:13:23.925  4258  4337 I ShortcutCompat: SHORTCUT_ICON_NORMALIZED package=com.tencent.mm shortcutId=c39e426bc28a5ac395c3883109c28809c2a6c38b57c289c3b4374e4b width=230 height=230
07-28 20:13:23.925  4258  4337 I ShortcutCompat: SHORTCUT_ICON_FINAL_MODE package=com.tencent.mm shortcutId=c39e426bc28a5ac395c3883109c28809c2a6c38b57c289c3b4374e4b mode=source_already_decorated
07-28 20:13:23.925  4258  4337 I ShortcutCompat: SHORTCUT_ICON_FINAL_READY package=com.tencent.mm shortcutId=c39e426bc28a5ac395c3883109c28809c2a6c38b57c289c3b4374e4b userId=999 frameType=source_already_decorated iconSource=shortcut
07-28 20:13:23.925  4258  4337 I ShortcutCompat: PIN_RECONCILE_DATABASE_MISSING packageName=com.tencent.mm shortcutId=c39e426bc28a5ac395c3883109c28809c2a6c38b57c289c3b4374e4b userId=999 userSerial=10
07-28 20:13:23.925  4258  4337 I ShortcutCompat: SHORTCUT_ACTION_RESOLVED field=maa enumName=EVENT_INSTALL_OR_UPDATE_SHORTCUT ordinal=19
07-28 20:13:23.925  4258  4337 I ShortcutCompat: SHORTCUT_DATABASE_DISPATCHED actionField=maa actionName=EVENT_INSTALL_OR_UPDATE_SHORTCUT itemCount=1 package=com.tencent.mm shortcutId=c39e426bc28a5ac395c3883109c28809c2a6c38b57c289c3b4374e4b
07-28 20:13:23.992  4258  4337 I ShortcutCompat: SHORTCUT_USER_RESOLVED package=com.tencent.mm shortcutId=c39e423ec39b53c284c29c675bc39c04c2a9c29f05c392c2a637404b userIdentifier=999 userSerial=10 isPrimaryUser=false
07-28 20:13:23.993  4258  4337 I ShortcutCompat: SHORTCUT_ICON_INPUT iconSource=shortcut package=com.tencent.mm shortcutId=c39e423ec39b53c284c29c675bc39c04c2a9c29f05c392c2a637404b userId=999
07-28 20:13:23.993  4258  4337 I ShortcutCompat: SHORTCUT_ICON_NORMALIZED package=com.tencent.mm shortcutId=c39e423ec39b53c284c29c675bc39c04c2a9c29f05c392c2a637404b width=230 height=230
07-28 20:13:23.993  4258  4337 I ShortcutCompat: SHORTCUT_ICON_FINAL_MODE package=com.tencent.mm shortcutId=c39e423ec39b53c284c29c675bc39c04c2a9c29f05c392c2a637404b mode=source_already_decorated
07-28 20:13:23.993  4258  4337 I ShortcutCompat: SHORTCUT_ICON_FINAL_READY package=com.tencent.mm shortcutId=c39e423ec39b53c284c29c675bc39c04c2a9c29f05c392c2a637404b userId=999 frameType=source_already_decorated iconSource=shortcut
07-28 20:13:23.993  4258  4337 I ShortcutCompat: PIN_RECONCILE_DATABASE_MISSING packageName=com.tencent.mm shortcutId=c39e423ec39b53c284c29c675bc39c04c2a9c29f05c392c2a637404b userId=999 userSerial=10
07-28 20:13:23.993  4258  4337 I ShortcutCompat: SHORTCUT_ACTION_RESOLVED field=maa enumName=EVENT_INSTALL_OR_UPDATE_SHORTCUT ordinal=19
07-28 20:13:23.994  4258  4337 I ShortcutCompat: SHORTCUT_DATABASE_DISPATCHED actionField=maa actionName=EVENT_INSTALL_OR_UPDATE_SHORTCUT itemCount=1 package=com.tencent.mm shortcutId=c39e423ec39b53c284c29c675bc39c04c2a9c29f05c392c2a637404b
07-28 20:13:24.056  4258  4337 I ShortcutCompat: SHORTCUT_USER_RESOLVED package=com.tencent.mm shortcutId=c39e423cc39f53c280c2996758c39557c2a9c38e5ec288c3bc65144b userIdentifier=999 userSerial=10 isPrimaryUser=false
07-28 20:13:24.058  4258  4337 I ShortcutCompat: SHORTCUT_ICON_INPUT iconSource=shortcut package=com.tencent.mm shortcutId=c39e423cc39f53c280c2996758c39557c2a9c38e5ec288c3bc65144b userId=999
07-28 20:13:24.058  4258  4337 I ShortcutCompat: SHORTCUT_ICON_NORMALIZED package=com.tencent.mm shortcutId=c39e423cc39f53c280c2996758c39557c2a9c38e5ec288c3bc65144b width=230 height=230
07-28 20:13:24.058  4258  4337 I ShortcutCompat: SHORTCUT_ICON_FINAL_MODE package=com.tencent.mm shortcutId=c39e423cc39f53c280c2996758c39557c2a9c38e5ec288c3bc65144b mode=source_already_decorated
07-28 20:13:24.058  4258  4337 I ShortcutCompat: SHORTCUT_ICON_FINAL_READY package=com.tencent.mm shortcutId=c39e423cc39f53c280c2996758c39557c2a9c38e5ec288c3bc65144b userId=999 frameType=source_already_decorated iconSource=shortcut
07-28 20:13:24.058  4258  4337 I ShortcutCompat: PIN_RECONCILE_DATABASE_MISSING packageName=com.tencent.mm shortcutId=c39e423cc39f53c280c2996758c39557c2a9c38e5ec288c3bc65144b userId=999 userSerial=10
07-28 20:13:24.058  4258  4337 I ShortcutCompat: SHORTCUT_ACTION_RESOLVED field=maa enumName=EVENT_INSTALL_OR_UPDATE_SHORTCUT ordinal=19
07-28 20:13:24.058  4258  4337 I ShortcutCompat: SHORTCUT_DATABASE_DISPATCHED actionField=maa actionName=EVENT_INSTALL_OR_UPDATE_SHORTCUT itemCount=1 package=com.tencent.mm shortcutId=c39e423cc39f53c280c2996758c39557c2a9c38e5ec288c3bc65144b
07-28 20:13:24.115  4258  4337 I ShortcutCompat: SHORTCUT_USER_RESOLVED package=com.tencent.mm shortcutId=c39e423cc39e52c39ac29f630ec39450c2acc29b55c395c3b161144b userIdentifier=999 userSerial=10 isPrimaryUser=false
07-28 20:13:24.116  4258  4337 I ShortcutCompat: SHORTCUT_ICON_INPUT iconSource=shortcut package=com.tencent.mm shortcutId=c39e423cc39e52c39ac29f630ec39450c2acc29b55c395c3b161144b userId=999
07-28 20:13:24.116  4258  4337 I ShortcutCompat: SHORTCUT_ICON_NORMALIZED package=com.tencent.mm shortcutId=c39e423cc39e52c39ac29f630ec39450c2acc29b55c395c3b161144b width=230 height=230
07-28 20:13:24.116  4258  4337 I ShortcutCompat: SHORTCUT_ICON_FINAL_MODE package=com.tencent.mm shortcutId=c39e423cc39e52c39ac29f630ec39450c2acc29b55c395c3b161144b mode=source_already_decorated
07-28 20:13:24.116  4258  4337 I ShortcutCompat: SHORTCUT_ICON_FINAL_READY package=com.tencent.mm shortcutId=c39e423cc39e52c39ac29f630ec39450c2acc29b55c395c3b161144b userId=999 frameType=source_already_decorated iconSource=shortcut
07-28 20:13:24.116  4258  4337 I ShortcutCompat: PIN_RECONCILE_DATABASE_MISSING packageName=com.tencent.mm shortcutId=c39e423cc39e52c39ac29f630ec39450c2acc29b55c395c3b161144b userId=999 userSerial=10
07-28 20:13:24.116  4258  4337 I ShortcutCompat: SHORTCUT_ACTION_RESOLVED field=maa enumName=EVENT_INSTALL_OR_UPDATE_SHORTCUT ordinal=19
07-28 20:13:24.117  4258  4337 I ShortcutCompat: SHORTCUT_DATABASE_DISPATCHED actionField=maa actionName=EVENT_INSTALL_OR_UPDATE_SHORTCUT itemCount=1 package=com.tencent.mm shortcutId=c39e423cc39e52c39ac29f630ec39450c2acc29b55c395c3b161144b
07-28 20:13:34.706 26497 26497 I SmartisanInstall: INSTALL_MODEL_READY pending=0
07-28 20:13:34.809 26497  4692 I ShortcutCompat: SHORTCUT_USER_RESOLVED package=com.tencent.mm shortcutId=c39e4238c28559c395c29c605fc39b08c2aac29c5ec395c2a761434b userIdentifier=999 userSerial=10 isPrimaryUser=false
07-28 20:13:34.813 26497  4692 I ShortcutCompat: SHORTCUT_ICON_INPUT iconSource=shortcut package=com.tencent.mm shortcutId=c39e4238c28559c395c29c605fc39b08c2aac29c5ec395c2a761434b userId=999
07-28 20:13:34.813 26497  4692 I ShortcutCompat: SHORTCUT_ICON_NORMALIZED package=com.tencent.mm shortcutId=c39e4238c28559c395c29c605fc39b08c2aac29c5ec395c2a761434b width=230 height=230
07-28 20:13:34.813 26497  4692 I ShortcutCompat: SHORTCUT_ICON_FINAL_MODE package=com.tencent.mm shortcutId=c39e4238c28559c395c29c605fc39b08c2aac29c5ec395c2a761434b mode=source_already_decorated
07-28 20:13:34.814 26497  4692 I ShortcutCompat: SHORTCUT_ICON_FINAL_READY package=com.tencent.mm shortcutId=c39e4238c28559c395c29c605fc39b08c2aac29c5ec395c2a761434b userId=999 frameType=source_already_decorated iconSource=shortcut
07-28 20:13:34.814 26497  4692 I ShortcutCompat: PIN_RECONCILE_DATABASE_MISSING packageName=com.tencent.mm shortcutId=c39e4238c28559c395c29c605fc39b08c2aac29c5ec395c2a761434b userId=999 userSerial=10
07-28 20:13:34.814 26497  4692 I ShortcutCompat: SHORTCUT_ACTION_RESOLVED field=maa enumName=EVENT_INSTALL_OR_UPDATE_SHORTCUT ordinal=19
07-28 20:13:34.814 26497  4692 I ShortcutCompat: SHORTCUT_DATABASE_DISPATCHED actionField=maa actionName=EVENT_INSTALL_OR_UPDATE_SHORTCUT itemCount=1 package=com.tencent.mm shortcutId=c39e4238c28559c395c29c605fc39b08c2aac29c5ec395c2a761434b
07-28 20:13:34.874 26497  4692 I ShortcutCompat: SHORTCUT_USER_RESOLVED package=com.tencent.mm shortcutId=c39e426bc28a5ac395c3883109c28809c2a6c38b57c289c3b4374e4b userIdentifier=999 userSerial=10 isPrimaryUser=false
07-28 20:13:34.879 26497  4692 I ShortcutCompat: SHORTCUT_ICON_INPUT iconSource=shortcut package=com.tencent.mm shortcutId=c39e426bc28a5ac395c3883109c28809c2a6c38b57c289c3b4374e4b userId=999
07-28 20:13:34.879 26497  4692 I ShortcutCompat: SHORTCUT_ICON_NORMALIZED package=com.tencent.mm shortcutId=c39e426bc28a5ac395c3883109c28809c2a6c38b57c289c3b4374e4b width=230 height=230
07-28 20:13:34.879 26497  4692 I ShortcutCompat: SHORTCUT_ICON_FINAL_MODE package=com.tencent.mm shortcutId=c39e426bc28a5ac395c3883109c28809c2a6c38b57c289c3b4374e4b mode=source_already_decorated
07-28 20:13:34.879 26497  4692 I ShortcutCompat: SHORTCUT_ICON_FINAL_READY package=com.tencent.mm shortcutId=c39e426bc28a5ac395c3883109c28809c2a6c38b57c289c3b4374e4b userId=999 frameType=source_already_decorated iconSource=shortcut
07-28 20:13:34.879 26497  4692 I ShortcutCompat: PIN_RECONCILE_DATABASE_MISSING packageName=com.tencent.mm shortcutId=c39e426bc28a5ac395c3883109c28809c2a6c38b57c289c3b4374e4b userId=999 userSerial=10
07-28 20:13:34.879 26497  4692 I ShortcutCompat: SHORTCUT_ACTION_RESOLVED field=maa enumName=EVENT_INSTALL_OR_UPDATE_SHORTCUT ordinal=19
07-28 20:13:34.880 26497  4692 I ShortcutCompat: SHORTCUT_DATABASE_DISPATCHED actionField=maa actionName=EVENT_INSTALL_OR_UPDATE_SHORTCUT itemCount=1 package=com.tencent.mm shortcutId=c39e426bc28a5ac395c3883109c28809c2a6c38b57c289c3b4374e4b
07-28 20:13:34.935 26497  4692 I ShortcutCompat: SHORTCUT_USER_RESOLVED package=com.tencent.mm shortcutId=c39e423ec39b53c284c29c675bc39c04c2a9c29f05c392c2a637404b userIdentifier=999 userSerial=10 isPrimaryUser=false
07-28 20:13:34.937 26497  4692 I ShortcutCompat: SHORTCUT_ICON_INPUT iconSource=shortcut package=com.tencent.mm shortcutId=c39e423ec39b53c284c29c675bc39c04c2a9c29f05c392c2a637404b userId=999
07-28 20:13:34.937 26497  4692 I ShortcutCompat: SHORTCUT_ICON_NORMALIZED package=com.tencent.mm shortcutId=c39e423ec39b53c284c29c675bc39c04c2a9c29f05c392c2a637404b width=230 height=230
07-28 20:13:34.937 26497  4692 I ShortcutCompat: SHORTCUT_ICON_FINAL_MODE package=com.tencent.mm shortcutId=c39e423ec39b53c284c29c675bc39c04c2a9c29f05c392c2a637404b mode=source_already_decorated
07-28 20:13:34.937 26497  4692 I ShortcutCompat: SHORTCUT_ICON_FINAL_READY package=com.tencent.mm shortcutId=c39e423ec39b53c284c29c675bc39c04c2a9c29f05c392c2a637404b userId=999 frameType=source_already_decorated iconSource=shortcut
07-28 20:13:34.937 26497  4692 I ShortcutCompat: PIN_RECONCILE_DATABASE_MISSING packageName=com.tencent.mm shortcutId=c39e423ec39b53c284c29c675bc39c04c2a9c29f05c392c2a637404b userId=999 userSerial=10
07-28 20:13:34.937 26497  4692 I ShortcutCompat: SHORTCUT_ACTION_RESOLVED field=maa enumName=EVENT_INSTALL_OR_UPDATE_SHORTCUT ordinal=19
07-28 20:13:34.937 26497  4692 I ShortcutCompat: SHORTCUT_DATABASE_DISPATCHED actionField=maa actionName=EVENT_INSTALL_OR_UPDATE_SHORTCUT itemCount=1 package=com.tencent.mm shortcutId=c39e423ec39b53c284c29c675bc39c04c2a9c29f05c392c2a637404b
07-28 20:13:34.989 26497  4692 I ShortcutCompat: SHORTCUT_USER_RESOLVED package=com.tencent.mm shortcutId=c39e423cc39f53c280c2996758c39557c2a9c38e5ec288c3bc65144b userIdentifier=999 userSerial=10 isPrimaryUser=false
07-28 20:13:34.991 26497  4692 I ShortcutCompat: SHORTCUT_ICON_INPUT iconSource=shortcut package=com.tencent.mm shortcutId=c39e423cc39f53c280c2996758c39557c2a9c38e5ec288c3bc65144b userId=999
07-28 20:13:34.991 26497  4692 I ShortcutCompat: SHORTCUT_ICON_NORMALIZED package=com.tencent.mm shortcutId=c39e423cc39f53c280c2996758c39557c2a9c38e5ec288c3bc65144b width=230 height=230
07-28 20:13:34.991 26497  4692 I ShortcutCompat: SHORTCUT_ICON_FINAL_MODE package=com.tencent.mm shortcutId=c39e423cc39f53c280c2996758c39557c2a9c38e5ec288c3bc65144b mode=source_already_decorated
07-28 20:13:34.991 26497  4692 I ShortcutCompat: SHORTCUT_ICON_FINAL_READY package=com.tencent.mm shortcutId=c39e423cc39f53c280c2996758c39557c2a9c38e5ec288c3bc65144b userId=999 frameType=source_already_decorated iconSource=shortcut
07-28 20:13:34.991 26497  4692 I ShortcutCompat: PIN_RECONCILE_DATABASE_MISSING packageName=com.tencent.mm shortcutId=c39e423cc39f53c280c2996758c39557c2a9c38e5ec288c3bc65144b userId=999 userSerial=10
07-28 20:13:34.991 26497  4692 I ShortcutCompat: SHORTCUT_ACTION_RESOLVED field=maa enumName=EVENT_INSTALL_OR_UPDATE_SHORTCUT ordinal=19
07-28 20:13:34.991 26497  4692 I ShortcutCompat: SHORTCUT_DATABASE_DISPATCHED actionField=maa actionName=EVENT_INSTALL_OR_UPDATE_SHORTCUT itemCount=1 package=com.tencent.mm shortcutId=c39e423cc39f53c280c2996758c39557c2a9c38e5ec288c3bc65144b
07-28 20:13:35.109 26497  4692 I ShortcutCompat: SHORTCUT_USER_RESOLVED package=com.tencent.mm shortcutId=c39e423cc39e52c39ac29f630ec39450c2acc29b55c395c3b161144b userIdentifier=999 userSerial=10 isPrimaryUser=false
07-28 20:13:35.112 26497  4692 I ShortcutCompat: SHORTCUT_ICON_INPUT iconSource=shortcut package=com.tencent.mm shortcutId=c39e423cc39e52c39ac29f630ec39450c2acc29b55c395c3b161144b userId=999
07-28 20:13:35.112 26497  4692 I ShortcutCompat: SHORTCUT_ICON_NORMALIZED package=com.tencent.mm shortcutId=c39e423cc39e52c39ac29f630ec39450c2acc29b55c395c3b161144b width=230 height=230
07-28 20:13:35.112 26497  4692 I ShortcutCompat: SHORTCUT_ICON_FINAL_MODE package=com.tencent.mm shortcutId=c39e423cc39e52c39ac29f630ec39450c2acc29b55c395c3b161144b mode=source_already_decorated
07-28 20:13:35.112 26497  4692 I ShortcutCompat: SHORTCUT_ICON_FINAL_READY package=com.tencent.mm shortcutId=c39e423cc39e52c39ac29f630ec39450c2acc29b55c395c3b161144b userId=999 frameType=source_already_decorated iconSource=shortcut
07-28 20:13:35.112 26497  4692 I ShortcutCompat: PIN_RECONCILE_DATABASE_MISSING packageName=com.tencent.mm shortcutId=c39e423cc39e52c39ac29f630ec39450c2acc29b55c395c3b161144b userId=999 userSerial=10
07-28 20:13:35.112 26497  4692 I ShortcutCompat: SHORTCUT_ACTION_RESOLVED field=maa enumName=EVENT_INSTALL_OR_UPDATE_SHORTCUT ordinal=19
07-28 20:13:35.112 26497  4692 I ShortcutCompat: SHORTCUT_DATABASE_DISPATCHED actionField=maa actionName=EVENT_INSTALL_OR_UPDATE_SHORTCUT itemCount=1 package=com.tencent.mm shortcutId=c39e423cc39e52c39ac29f630ec39450c2acc29b55c395c3b161144b
07-28 20:13:43.350 26497 26497 I ShortcutCompat: SHORTCUT_DELETE_REQUESTED itemId=92 package=com.tencent.mm shortcutId=c39e4238c28559c395c29c605fc39b08c2aac29c5ec395c2a761434b userId=999 userSerial=10
07-28 20:13:43.375 26497 26497 I ShortcutCompat: SHORTCUT_DELETE_DIALOG_SHOWN itemId=92 package=com.tencent.mm shortcutId=c39e4238c28559c395c29c605fc39b08c2aac29c5ec395c2a761434b userId=999 userSerial=10
07-28 20:13:44.171 26497 26497 I ShortcutCompat: SHORTCUT_DELETE_CONFIRMED itemId=92 package=com.tencent.mm shortcutId=c39e4238c28559c395c29c605fc39b08c2aac29c5ec395c2a761434b userId=999 userSerial=10
07-28 20:13:44.171 26497 26497 I ShortcutCompat: SHORTCUT_DELETE_ACTION_RESOLVED field=naa enumName=EVENT_UNINSTALL_SHORTCUT
07-28 20:13:44.171 26497 26497 I ShortcutCompat: SHORTCUT_DELETE_DATABASE_DISPATCHED itemId=92 package=com.tencent.mm shortcutId=c39e4238c28559c395c29c605fc39b08c2aac29c5ec395c2a761434b userId=999 userSerial=10
07-28 20:13:44.172 26497 26497 I ShortcutCompat: SHORTCUT_UNPIN_BEGIN package=com.tencent.mm shortcutId=c39e4238c28559c395c29c605fc39b08c2aac29c5ec395c2a761434b userId=999 userSerial=10
07-28 20:13:44.175 26497 26497 I ShortcutCompat: SHORTCUT_UNPIN_SUCCESS package=com.tencent.mm shortcutId=c39e4238c28559c395c29c605fc39b08c2aac29c5ec395c2a761434b userId=999 userSerial=10 remaining=4
07-28 20:13:49.615 26497 26497 I ShortcutCompat: PIN_ACTIVITY_CREATED requestValid=unknown packageName=unknown shortcutId=unknown userId=-1 userSerial=-1
07-28 20:13:49.617 26497 26497 I ShortcutCompat: PIN_REQUEST_EXTRACTED requestValid=true packageName=com.tencent.mm shortcutId=c39e4238c28559c395c29c605fc39b08c2aac29c5ec395c2a761434b userId=999 userSerial=10
07-28 20:13:49.642 26497 26497 I ShortcutCompat: PIN_DIALOG_SHOWN requestValid=true packageName=com.tencent.mm shortcutId=c39e4238c28559c395c29c605fc39b08c2aac29c5ec395c2a761434b userId=999 userSerial=10
07-28 20:13:50.533 26497 26497 I ShortcutCompat: PIN_USER_CONFIRMED userSerial=10 requestValid=true packageName=com.tencent.mm shortcutId=c39e4238c28559c395c29c605fc39b08c2aac29c5ec395c2a761434b userId=999 userSerial=10
07-28 20:13:50.661 26497 26497 I ShortcutCompat: SHORTCUT_USER_RESOLVED package=com.tencent.mm shortcutId=c39e4238c28559c395c29c605fc39b08c2aac29c5ec395c2a761434b userIdentifier=999 userSerial=10 isPrimaryUser=false
07-28 20:13:50.665 26497 26497 I ShortcutCompat: SHORTCUT_ICON_INPUT iconSource=shortcut package=com.tencent.mm shortcutId=c39e4238c28559c395c29c605fc39b08c2aac29c5ec395c2a761434b userId=999
07-28 20:13:50.665 26497 26497 I ShortcutCompat: SHORTCUT_ICON_NORMALIZED package=com.tencent.mm shortcutId=c39e4238c28559c395c29c605fc39b08c2aac29c5ec395c2a761434b width=230 height=230
07-28 20:13:50.665 26497 26497 I ShortcutCompat: SHORTCUT_ICON_FINAL_MODE package=com.tencent.mm shortcutId=c39e4238c28559c395c29c605fc39b08c2aac29c5ec395c2a761434b mode=source_already_decorated
07-28 20:13:50.665 26497 26497 I ShortcutCompat: SHORTCUT_ICON_FINAL_READY package=com.tencent.mm shortcutId=c39e4238c28559c395c29c605fc39b08c2aac29c5ec395c2a761434b userId=999 frameType=source_already_decorated iconSource=shortcut
07-28 20:13:50.666 26497 26497 I ShortcutCompat: PIN_ITEM_CREATED userSerial=10 requestValid=true packageName=com.tencent.mm shortcutId=c39e4238c28559c395c29c605fc39b08c2aac29c5ec395c2a761434b userId=999 userSerial=10
07-28 20:13:50.668 26497 26497 I ShortcutCompat: PIN_ACCEPT_BEGIN userSerial=10 requestValid=true packageName=com.tencent.mm shortcutId=c39e4238c28559c395c29c605fc39b08c2aac29c5ec395c2a761434b userId=999 userSerial=10
07-28 20:13:50.710 26497 26497 I ShortcutCompat: PIN_ACCEPT_SUCCESS userSerial=10 requestValid=true packageName=com.tencent.mm shortcutId=c39e4238c28559c395c29c605fc39b08c2aac29c5ec395c2a761434b userId=999 userSerial=10
07-28 20:13:50.710 26497 26497 I ShortcutCompat: PIN_DATABASE_DISPATCH_BEGIN userSerial=10 requestValid=true packageName=com.tencent.mm shortcutId=c39e4238c28559c395c29c605fc39b08c2aac29c5ec395c2a761434b userId=999 userSerial=10
07-28 20:13:50.710 26497 26497 I ShortcutCompat: SHORTCUT_ACTION_RESOLVED field=maa enumName=EVENT_INSTALL_OR_UPDATE_SHORTCUT ordinal=19
07-28 20:13:50.710 26497 26497 I ShortcutCompat: SHORTCUT_DATABASE_DISPATCHED actionField=maa actionName=EVENT_INSTALL_OR_UPDATE_SHORTCUT itemCount=1 package=com.tencent.mm shortcutId=c39e4238c28559c395c29c605fc39b08c2aac29c5ec395c2a761434b
07-28 20:13:50.711 26497 26497 I ShortcutCompat: PIN_DATABASE_DISPATCH_RETURNED userSerial=10 requestValid=true packageName=com.tencent.mm shortcutId=c39e4238c28559c395c29c605fc39b08c2aac29c5ec395c2a761434b userId=999 userSerial=10
07-28 20:13:50.813 26497 26497 I ShortcutCompat: PIN_DATABASE_ROW_FOUND userSerial=10 requestValid=true packageName=com.tencent.mm shortcutId=c39e4238c28559c395c29c605fc39b08c2aac29c5ec395c2a761434b userId=999 userSerial=10
07-28 20:13:50.813 26497 26497 I ShortcutCompat: PIN_COMMIT_SUCCESS userSerial=10 requestValid=true packageName=com.tencent.mm shortcutId=c39e4238c28559c395c29c605fc39b08c2aac29c5ec395c2a761434b userId=999 userSerial=10
07-28 20:13:50.813 26497 26497 I ShortcutCompat: PIN_ACTIVITY_FINISHED activityFinishing=true packageName=com.tencent.mm shortcutId=c39e4238c28559c395c29c605fc39b08c2aac29c5ec395c2a761434b userId=999 userSerial=10
07-28 20:13:54.821 26497 26497 I ShortcutCompat: SHORTCUT_DELETE_REQUESTED itemId=97 package=com.tencent.mm shortcutId=c39e4238c28559c395c29c605fc39b08c2aac29c5ec395c2a761434b userId=999 userSerial=10
07-28 20:13:54.839 26497 26497 I ShortcutCompat: SHORTCUT_DELETE_DIALOG_SHOWN itemId=97 package=com.tencent.mm shortcutId=c39e4238c28559c395c29c605fc39b08c2aac29c5ec395c2a761434b userId=999 userSerial=10
07-28 20:13:55.492 26497 26497 I ShortcutCompat: SHORTCUT_DELETE_CONFIRMED itemId=97 package=com.tencent.mm shortcutId=c39e4238c28559c395c29c605fc39b08c2aac29c5ec395c2a761434b userId=999 userSerial=10
07-28 20:13:55.492 26497 26497 I ShortcutCompat: SHORTCUT_DELETE_ACTION_RESOLVED field=naa enumName=EVENT_UNINSTALL_SHORTCUT
07-28 20:13:55.492 26497 26497 I ShortcutCompat: SHORTCUT_DELETE_DATABASE_DISPATCHED itemId=97 package=com.tencent.mm shortcutId=c39e4238c28559c395c29c605fc39b08c2aac29c5ec395c2a761434b userId=999 userSerial=10
07-28 20:13:55.493 26497 26497 I ShortcutCompat: SHORTCUT_UNPIN_BEGIN package=com.tencent.mm shortcutId=c39e4238c28559c395c29c605fc39b08c2aac29c5ec395c2a761434b userId=999 userSerial=10
07-28 20:13:55.495 26497 26497 I ShortcutCompat: SHORTCUT_UNPIN_SUCCESS package=com.tencent.mm shortcutId=c39e4238c28559c395c29c605fc39b08c2aac29c5ec395c2a761434b userId=999 userSerial=10 remaining=4
07-28 20:14:01.421 26497 26497 I ShortcutCompat: PIN_ACTIVITY_CREATED requestValid=unknown packageName=unknown shortcutId=unknown userId=-1 userSerial=-1
07-28 20:14:01.423 26497 26497 I ShortcutCompat: PIN_REQUEST_EXTRACTED requestValid=true packageName=com.tencent.mm shortcutId=c39e4238c28559c395c29c605fc39b08c2aac29c5ec395c2a761434b userId=999 userSerial=10
07-28 20:14:01.442 26497 26497 I ShortcutCompat: PIN_DIALOG_SHOWN requestValid=true packageName=com.tencent.mm shortcutId=c39e4238c28559c395c29c605fc39b08c2aac29c5ec395c2a761434b userId=999 userSerial=10
07-28 20:14:02.369 26497 26497 I ShortcutCompat: PIN_USER_CONFIRMED userSerial=10 requestValid=true packageName=com.tencent.mm shortcutId=c39e4238c28559c395c29c605fc39b08c2aac29c5ec395c2a761434b userId=999 userSerial=10
07-28 20:14:02.469 26497 26497 I ShortcutCompat: SHORTCUT_USER_RESOLVED package=com.tencent.mm shortcutId=c39e4238c28559c395c29c605fc39b08c2aac29c5ec395c2a761434b userIdentifier=999 userSerial=10 isPrimaryUser=false
07-28 20:14:02.473 26497 26497 I ShortcutCompat: SHORTCUT_ICON_INPUT iconSource=shortcut package=com.tencent.mm shortcutId=c39e4238c28559c395c29c605fc39b08c2aac29c5ec395c2a761434b userId=999
07-28 20:14:02.473 26497 26497 I ShortcutCompat: SHORTCUT_ICON_NORMALIZED package=com.tencent.mm shortcutId=c39e4238c28559c395c29c605fc39b08c2aac29c5ec395c2a761434b width=230 height=230
07-28 20:14:02.474 26497 26497 I ShortcutCompat: SHORTCUT_ICON_FINAL_MODE package=com.tencent.mm shortcutId=c39e4238c28559c395c29c605fc39b08c2aac29c5ec395c2a761434b mode=source_already_decorated
07-28 20:14:02.474 26497 26497 I ShortcutCompat: SHORTCUT_ICON_FINAL_READY package=com.tencent.mm shortcutId=c39e4238c28559c395c29c605fc39b08c2aac29c5ec395c2a761434b userId=999 frameType=source_already_decorated iconSource=shortcut
07-28 20:14:02.474 26497 26497 I ShortcutCompat: PIN_ITEM_CREATED userSerial=10 requestValid=true packageName=com.tencent.mm shortcutId=c39e4238c28559c395c29c605fc39b08c2aac29c5ec395c2a761434b userId=999 userSerial=10
07-28 20:14:02.474 26497 26497 I ShortcutCompat: PIN_ACCEPT_BEGIN userSerial=10 requestValid=true packageName=com.tencent.mm shortcutId=c39e4238c28559c395c29c605fc39b08c2aac29c5ec395c2a761434b userId=999 userSerial=10
07-28 20:14:02.510 26497 26497 I ShortcutCompat: PIN_ACCEPT_SUCCESS userSerial=10 requestValid=true packageName=com.tencent.mm shortcutId=c39e4238c28559c395c29c605fc39b08c2aac29c5ec395c2a761434b userId=999 userSerial=10
07-28 20:14:02.510 26497 26497 I ShortcutCompat: PIN_DATABASE_DISPATCH_BEGIN userSerial=10 requestValid=true packageName=com.tencent.mm shortcutId=c39e4238c28559c395c29c605fc39b08c2aac29c5ec395c2a761434b userId=999 userSerial=10
07-28 20:14:02.510 26497 26497 I ShortcutCompat: SHORTCUT_ACTION_RESOLVED field=maa enumName=EVENT_INSTALL_OR_UPDATE_SHORTCUT ordinal=19
07-28 20:14:02.511 26497 26497 I ShortcutCompat: SHORTCUT_DATABASE_DISPATCHED actionField=maa actionName=EVENT_INSTALL_OR_UPDATE_SHORTCUT itemCount=1 package=com.tencent.mm shortcutId=c39e4238c28559c395c29c605fc39b08c2aac29c5ec395c2a761434b
07-28 20:14:02.511 26497 26497 I ShortcutCompat: PIN_DATABASE_DISPATCH_RETURNED userSerial=10 requestValid=true packageName=com.tencent.mm shortcutId=c39e4238c28559c395c29c605fc39b08c2aac29c5ec395c2a761434b userId=999 userSerial=10
07-28 20:14:02.613 26497 26497 I ShortcutCompat: PIN_DATABASE_ROW_FOUND userSerial=10 requestValid=true packageName=com.tencent.mm shortcutId=c39e4238c28559c395c29c605fc39b08c2aac29c5ec395c2a761434b userId=999 userSerial=10
07-28 20:14:02.613 26497 26497 I ShortcutCompat: PIN_COMMIT_SUCCESS userSerial=10 requestValid=true packageName=com.tencent.mm shortcutId=c39e4238c28559c395c29c605fc39b08c2aac29c5ec395c2a761434b userId=999 userSerial=10
07-28 20:14:02.614 26497 26497 I ShortcutCompat: PIN_ACTIVITY_FINISHED activityFinishing=true packageName=com.tencent.mm shortcutId=c39e4238c28559c395c29c605fc39b08c2aac29c5ec395c2a761434b userId=999 userSerial=10
07-28 20:14:05.084 26497 26497 I ShortcutCompat: SHORTCUT_LAUNCH_BEGIN package=com.tencent.mm shortcutId=c39e4238c28559c395c29c605fc39b08c2aac29c5ec395c2a761434b userSerial=10
07-28 20:14:05.099 26497 26497 I ShortcutCompat: SHORTCUT_LAUNCH_SUCCESS package=com.tencent.mm shortcutId=c39e4238c28559c395c29c605fc39b08c2aac29c5ec395c2a761434b
07-28 20:14:07.173 26497 26497 I ShortcutCompat: SHORTCUT_LAUNCH_BEGIN package=com.tencent.mm shortcutId=c39e423cc39f53c280c2996758c39557c2a9c38e5ec288c3bc65144b userSerial=10
07-28 20:14:07.185 26497 26497 I ShortcutCompat: SHORTCUT_LAUNCH_SUCCESS package=com.tencent.mm shortcutId=c39e423cc39f53c280c2996758c39557c2a9c38e5ec288c3bc65144b
07-28 20:14:11.083 26497 26497 I ShortcutCompat: SHORTCUT_DELETE_REQUESTED itemId=95 package=com.tencent.mm shortcutId=c39e423cc39f53c280c2996758c39557c2a9c38e5ec288c3bc65144b userId=999 userSerial=10
07-28 20:14:11.101 26497 26497 I ShortcutCompat: SHORTCUT_DELETE_DIALOG_SHOWN itemId=95 package=com.tencent.mm shortcutId=c39e423cc39f53c280c2996758c39557c2a9c38e5ec288c3bc65144b userId=999 userSerial=10
07-28 20:14:11.707 26497 26497 I ShortcutCompat: SHORTCUT_DELETE_CONFIRMED itemId=95 package=com.tencent.mm shortcutId=c39e423cc39f53c280c2996758c39557c2a9c38e5ec288c3bc65144b userId=999 userSerial=10
07-28 20:14:11.707 26497 26497 I ShortcutCompat: SHORTCUT_DELETE_ACTION_RESOLVED field=naa enumName=EVENT_UNINSTALL_SHORTCUT
07-28 20:14:11.707 26497 26497 I ShortcutCompat: SHORTCUT_DELETE_DATABASE_DISPATCHED itemId=95 package=com.tencent.mm shortcutId=c39e423cc39f53c280c2996758c39557c2a9c38e5ec288c3bc65144b userId=999 userSerial=10
07-28 20:14:11.707 26497 26497 I ShortcutCompat: SHORTCUT_UNPIN_BEGIN package=com.tencent.mm shortcutId=c39e423cc39f53c280c2996758c39557c2a9c38e5ec288c3bc65144b userId=999 userSerial=10
07-28 20:14:11.708 26497 26497 I ShortcutCompat: SHORTCUT_UNPIN_SUCCESS package=com.tencent.mm shortcutId=c39e423cc39f53c280c2996758c39557c2a9c38e5ec288c3bc65144b userId=999 userSerial=10 remaining=4
07-28 20:14:18.845 26497 26497 I ShortcutCompat: PIN_ACTIVITY_CREATED requestValid=unknown packageName=unknown shortcutId=unknown userId=-1 userSerial=-1
07-28 20:14:18.848 26497 26497 I ShortcutCompat: PIN_REQUEST_EXTRACTED requestValid=true packageName=com.tencent.mm shortcutId=c39e423cc39f53c280c2996758c39557c2a9c38e5ec288c3bc65144b userId=999 userSerial=10
07-28 20:14:18.868 26497 26497 I ShortcutCompat: PIN_DIALOG_SHOWN requestValid=true packageName=com.tencent.mm shortcutId=c39e423cc39f53c280c2996758c39557c2a9c38e5ec288c3bc65144b userId=999 userSerial=10
07-28 20:14:19.541 26497 26497 I ShortcutCompat: PIN_USER_CONFIRMED userSerial=10 requestValid=true packageName=com.tencent.mm shortcutId=c39e423cc39f53c280c2996758c39557c2a9c38e5ec288c3bc65144b userId=999 userSerial=10
07-28 20:14:19.589 26497 26497 I ShortcutCompat: SHORTCUT_USER_RESOLVED package=com.tencent.mm shortcutId=c39e423cc39f53c280c2996758c39557c2a9c38e5ec288c3bc65144b userIdentifier=999 userSerial=10 isPrimaryUser=false
07-28 20:14:19.591 26497 26497 I ShortcutCompat: SHORTCUT_ICON_INPUT iconSource=shortcut package=com.tencent.mm shortcutId=c39e423cc39f53c280c2996758c39557c2a9c38e5ec288c3bc65144b userId=999
07-28 20:14:19.591 26497 26497 I ShortcutCompat: SHORTCUT_ICON_NORMALIZED package=com.tencent.mm shortcutId=c39e423cc39f53c280c2996758c39557c2a9c38e5ec288c3bc65144b width=230 height=230
07-28 20:14:19.591 26497 26497 I ShortcutCompat: SHORTCUT_ICON_FINAL_MODE package=com.tencent.mm shortcutId=c39e423cc39f53c280c2996758c39557c2a9c38e5ec288c3bc65144b mode=source_already_decorated
07-28 20:14:19.591 26497 26497 I ShortcutCompat: SHORTCUT_ICON_FINAL_READY package=com.tencent.mm shortcutId=c39e423cc39f53c280c2996758c39557c2a9c38e5ec288c3bc65144b userId=999 frameType=source_already_decorated iconSource=shortcut
07-28 20:14:19.592 26497 26497 I ShortcutCompat: PIN_ITEM_CREATED userSerial=10 requestValid=true packageName=com.tencent.mm shortcutId=c39e423cc39f53c280c2996758c39557c2a9c38e5ec288c3bc65144b userId=999 userSerial=10
07-28 20:14:19.592 26497 26497 I ShortcutCompat: PIN_ACCEPT_BEGIN userSerial=10 requestValid=true packageName=com.tencent.mm shortcutId=c39e423cc39f53c280c2996758c39557c2a9c38e5ec288c3bc65144b userId=999 userSerial=10
07-28 20:14:19.598 26497 26497 I ShortcutCompat: PIN_ACCEPT_SUCCESS userSerial=10 requestValid=true packageName=com.tencent.mm shortcutId=c39e423cc39f53c280c2996758c39557c2a9c38e5ec288c3bc65144b userId=999 userSerial=10
07-28 20:14:19.598 26497 26497 I ShortcutCompat: PIN_DATABASE_DISPATCH_BEGIN userSerial=10 requestValid=true packageName=com.tencent.mm shortcutId=c39e423cc39f53c280c2996758c39557c2a9c38e5ec288c3bc65144b userId=999 userSerial=10
07-28 20:14:19.598 26497 26497 I ShortcutCompat: SHORTCUT_ACTION_RESOLVED field=maa enumName=EVENT_INSTALL_OR_UPDATE_SHORTCUT ordinal=19
07-28 20:14:19.598 26497 26497 I ShortcutCompat: SHORTCUT_DATABASE_DISPATCHED actionField=maa actionName=EVENT_INSTALL_OR_UPDATE_SHORTCUT itemCount=1 package=com.tencent.mm shortcutId=c39e423cc39f53c280c2996758c39557c2a9c38e5ec288c3bc65144b
07-28 20:14:19.598 26497 26497 I ShortcutCompat: PIN_DATABASE_DISPATCH_RETURNED userSerial=10 requestValid=true packageName=com.tencent.mm shortcutId=c39e423cc39f53c280c2996758c39557c2a9c38e5ec288c3bc65144b userId=999 userSerial=10
07-28 20:14:19.700 26497 26497 I ShortcutCompat: PIN_DATABASE_ROW_FOUND userSerial=10 requestValid=true packageName=com.tencent.mm shortcutId=c39e423cc39f53c280c2996758c39557c2a9c38e5ec288c3bc65144b userId=999 userSerial=10
07-28 20:14:19.700 26497 26497 I ShortcutCompat: PIN_COMMIT_SUCCESS userSerial=10 requestValid=true packageName=com.tencent.mm shortcutId=c39e423cc39f53c280c2996758c39557c2a9c38e5ec288c3bc65144b userId=999 userSerial=10
07-28 20:14:19.700 26497 26497 I ShortcutCompat: PIN_ACTIVITY_FINISHED activityFinishing=true packageName=com.tencent.mm shortcutId=c39e423cc39f53c280c2996758c39557c2a9c38e5ec288c3bc65144b userId=999 userSerial=10
07-28 20:14:28.566 26497 26497 I ShortcutCompat: SHORTCUT_DELETE_REQUESTED itemId=96 package=com.tencent.mm shortcutId=c39e423cc39e52c39ac29f630ec39450c2acc29b55c395c3b161144b userId=999 userSerial=10
07-28 20:14:28.585 26497 26497 I ShortcutCompat: SHORTCUT_DELETE_DIALOG_SHOWN itemId=96 package=com.tencent.mm shortcutId=c39e423cc39e52c39ac29f630ec39450c2acc29b55c395c3b161144b userId=999 userSerial=10
07-28 20:14:29.394 26497 26497 I ShortcutCompat: SHORTCUT_DELETE_CONFIRMED itemId=96 package=com.tencent.mm shortcutId=c39e423cc39e52c39ac29f630ec39450c2acc29b55c395c3b161144b userId=999 userSerial=10
07-28 20:14:29.394 26497 26497 I ShortcutCompat: SHORTCUT_DELETE_ACTION_RESOLVED field=naa enumName=EVENT_UNINSTALL_SHORTCUT
07-28 20:14:29.394 26497 26497 I ShortcutCompat: SHORTCUT_DELETE_DATABASE_DISPATCHED itemId=96 package=com.tencent.mm shortcutId=c39e423cc39e52c39ac29f630ec39450c2acc29b55c395c3b161144b userId=999 userSerial=10
07-28 20:14:29.395 26497 26497 I ShortcutCompat: SHORTCUT_UNPIN_BEGIN package=com.tencent.mm shortcutId=c39e423cc39e52c39ac29f630ec39450c2acc29b55c395c3b161144b userId=999 userSerial=10
07-28 20:14:29.397 26497 26497 I ShortcutCompat: SHORTCUT_UNPIN_SUCCESS package=com.tencent.mm shortcutId=c39e423cc39e52c39ac29f630ec39450c2acc29b55c395c3b161144b userId=999 userSerial=10 remaining=4
07-28 20:14:33.320 26497 26497 I ShortcutCompat: SHORTCUT_DELETE_REQUESTED itemId=93 package=com.tencent.mm shortcutId=c39e426bc28a5ac395c3883109c28809c2a6c38b57c289c3b4374e4b userId=999 userSerial=10
07-28 20:14:33.337 26497 26497 I ShortcutCompat: SHORTCUT_DELETE_DIALOG_SHOWN itemId=93 package=com.tencent.mm shortcutId=c39e426bc28a5ac395c3883109c28809c2a6c38b57c289c3b4374e4b userId=999 userSerial=10
07-28 20:14:33.939 26497 26497 I ShortcutCompat: SHORTCUT_DELETE_CONFIRMED itemId=93 package=com.tencent.mm shortcutId=c39e426bc28a5ac395c3883109c28809c2a6c38b57c289c3b4374e4b userId=999 userSerial=10
07-28 20:14:33.939 26497 26497 I ShortcutCompat: SHORTCUT_DELETE_ACTION_RESOLVED field=naa enumName=EVENT_UNINSTALL_SHORTCUT
07-28 20:14:33.939 26497 26497 I ShortcutCompat: SHORTCUT_DELETE_DATABASE_DISPATCHED itemId=93 package=com.tencent.mm shortcutId=c39e426bc28a5ac395c3883109c28809c2a6c38b57c289c3b4374e4b userId=999 userSerial=10
07-28 20:14:33.939 26497 26497 I ShortcutCompat: SHORTCUT_UNPIN_BEGIN package=com.tencent.mm shortcutId=c39e426bc28a5ac395c3883109c28809c2a6c38b57c289c3b4374e4b userId=999 userSerial=10
07-28 20:14:33.941 26497 26497 I ShortcutCompat: SHORTCUT_UNPIN_SUCCESS package=com.tencent.mm shortcutId=c39e426bc28a5ac395c3883109c28809c2a6c38b57c289c3b4374e4b userId=999 userSerial=10 remaining=3
07-28 20:14:37.072 26497 26497 I ShortcutCompat: SHORTCUT_DELETE_REQUESTED itemId=94 package=com.tencent.mm shortcutId=c39e423ec39b53c284c29c675bc39c04c2a9c29f05c392c2a637404b userId=999 userSerial=10
07-28 20:14:37.087 26497 26497 I ShortcutCompat: SHORTCUT_DELETE_DIALOG_SHOWN itemId=94 package=com.tencent.mm shortcutId=c39e423ec39b53c284c29c675bc39c04c2a9c29f05c392c2a637404b userId=999 userSerial=10
07-28 20:14:37.774 26497 26497 I ShortcutCompat: SHORTCUT_DELETE_CONFIRMED itemId=94 package=com.tencent.mm shortcutId=c39e423ec39b53c284c29c675bc39c04c2a9c29f05c392c2a637404b userId=999 userSerial=10
07-28 20:14:37.774 26497 26497 I ShortcutCompat: SHORTCUT_DELETE_ACTION_RESOLVED field=naa enumName=EVENT_UNINSTALL_SHORTCUT
07-28 20:14:37.774 26497 26497 I ShortcutCompat: SHORTCUT_DELETE_DATABASE_DISPATCHED itemId=94 package=com.tencent.mm shortcutId=c39e423ec39b53c284c29c675bc39c04c2a9c29f05c392c2a637404b userId=999 userSerial=10
07-28 20:14:37.775 26497 26497 I ShortcutCompat: SHORTCUT_UNPIN_BEGIN package=com.tencent.mm shortcutId=c39e423ec39b53c284c29c675bc39c04c2a9c29f05c392c2a637404b userId=999 userSerial=10
07-28 20:14:37.777 26497 26497 I ShortcutCompat: SHORTCUT_UNPIN_SUCCESS package=com.tencent.mm shortcutId=c39e423ec39b53c284c29c675bc39c04c2a9c29f05c392c2a637404b userId=999 userSerial=10 remaining=2
07-28 20:14:47.344 26497 26497 I ShortcutCompat: SHORTCUT_DELETE_REQUESTED itemId=98 package=com.tencent.mm shortcutId=c39e4238c28559c395c29c605fc39b08c2aac29c5ec395c2a761434b userId=999 userSerial=10
07-28 20:14:47.360 26497 26497 I ShortcutCompat: SHORTCUT_DELETE_DIALOG_SHOWN itemId=98 package=com.tencent.mm shortcutId=c39e4238c28559c395c29c605fc39b08c2aac29c5ec395c2a761434b userId=999 userSerial=10
07-28 20:14:48.072 26497 26497 I ShortcutCompat: SHORTCUT_DELETE_CONFIRMED itemId=98 package=com.tencent.mm shortcutId=c39e4238c28559c395c29c605fc39b08c2aac29c5ec395c2a761434b userId=999 userSerial=10
07-28 20:14:48.072 26497 26497 I ShortcutCompat: SHORTCUT_DELETE_ACTION_RESOLVED field=naa enumName=EVENT_UNINSTALL_SHORTCUT
07-28 20:14:48.072 26497 26497 I ShortcutCompat: SHORTCUT_DELETE_DATABASE_DISPATCHED itemId=98 package=com.tencent.mm shortcutId=c39e4238c28559c395c29c605fc39b08c2aac29c5ec395c2a761434b userId=999 userSerial=10
07-28 20:14:48.072 26497 26497 I ShortcutCompat: SHORTCUT_UNPIN_BEGIN package=com.tencent.mm shortcutId=c39e4238c28559c395c29c605fc39b08c2aac29c5ec395c2a761434b userId=999 userSerial=10
07-28 20:14:48.074 26497 26497 I ShortcutCompat: SHORTCUT_UNPIN_SUCCESS package=com.tencent.mm shortcutId=c39e4238c28559c395c29c605fc39b08c2aac29c5ec395c2a761434b userId=999 userSerial=10 remaining=1
